id,parent_id,startTime,endTime,flowID,hostPairID,bytes,numChildren
0,0,0,2300,10.3.60.93:45384-100.98.3.4:22-TCP,10.3.60.93-100.98.3.4,8028,6
1,0,2301,2301,10.3.60.93:45384-100.98.3.4:22-TCP,10.3.60.93-100.98.3.4,500,1
2,1,1500000,1501600,10.3.60.93:45384-100.98.3.4:22-TCP,10.3.60.93-100.98.3.4,64224,48
