id,startTime,endTime,hostPairID,bytes,intervalLength,numChildren
0,0,2301,10.3.60.93-100.98.3.4,8528,2301,2
1,1500000,1501600,10.3.60.93-100.98.3.4,64224,1600,1
