id,startTime,endTime,hostPairID,bytes,intervalLength,numChildren
0,425,99995606,10.0.0.0-10.0.0.3,12891987,99995181,15386
1,811,99997717,10.0.0.1-10.0.0.3,13834382,99996906,16552
2,2423,99997155,10.0.0.1-10.0.0.2,13085071,99994732,15640
3,3764,99998939,10.0.0.0-10.0.0.1,14080278,99995175,16918
4,10273,99991972,10.0.0.2-10.0.0.3,14656990,99981699,17411
5,14414,99998034,10.0.0.0-10.0.0.2,13801274,99983620,16519
