id,startTime,endTime,hostPairID,bytes,intervalLength,numChildren
0,0,1000004,0.0.0.0-1.1.1.1,4000,1000004,4
1,2,4,0.0.0.0-2.2.2.2,2000,2,1
