id,parent_id,startTime,endTime,flowID,hostPairID,bytes,numChildren
0,0,0,0,0.0.0.0:1-1.1.1.1:0-TCP,0.0.0.0-1.1.1.1,1000,1
1,0,1,1,0.0.0.0:1-1.1.1.1:0-TCP,0.0.0.0-1.1.1.1,1000,1
2,0,7,7,0.0.0.0:1-1.1.1.1:0-TCP,0.0.0.0-1.1.1.1,1000,1
3,0,1000004,1000004,0.0.0.0:1-1.1.1.1:0-TCP,0.0.0.0-1.1.1.1,1000,1
4,1,2,4,0.0.0.0:2-2.2.2.2:3-UDP,0.0.0.0-2.2.2.2,2000,2
